// Jest Snapshot v1, https://goo.gl/fbAQLP

exports[`My Connected React-Redux Component should render with given state from Redux store 1`] = `
<div>
  <div>
    <input
      onChange={[Function]}
    />
  </div>
  <div>
    <a
      href="/"
      onClick={[Function]}
    >
      <button
        id="delete"
        onClick={[Function]}
      >
        Delete Category
      </button>
    </a>
  </div>
</div>
`;
